lib/supabase/middleware.ts(17,24): error TS7006: Parameter 'cookiesToSet' implicitly has an 'any' type.
lib/supabase/middleware.ts(18,45): error TS7031: Binding element 'name' implicitly has an 'any' type.
lib/supabase/middleware.ts(18,51): error TS7031: Binding element 'value' implicitly has an 'any' type.
lib/supabase/middleware.ts(18,58): error TS7031: Binding element 'options' implicitly has an 'any' type.
lib/supabase/middleware.ts(22,45): error TS7031: Binding element 'name' implicitly has an 'any' type.
lib/supabase/middleware.ts(22,51): error TS7031: Binding element 'value' implicitly has an 'any' type.
lib/supabase/middleware.ts(22,58): error TS7031: Binding element 'options' implicitly has an 'any' type.
lib/supabase/server.ts(16,24): error TS7006: Parameter 'cookiesToSet' implicitly has an 'any' type.
lib/supabase/server.ts(18,49): error TS7031: Binding element 'name' implicitly has an 'any' type.
lib/supabase/server.ts(18,55): error TS7031: Binding element 'value' implicitly has an 'any' type.
lib/supabase/server.ts(18,62): error TS7031: Binding element 'options' implicitly has an 'any' type.
